Analysis & Synthesis report for TOP
Tue Oct 08 14:05:28 2019
Quartus Prime Version 18.1.0 Build 625 09/12/2018 SJ Lite Edition


---------------------
; Table of Contents ;
---------------------
  1. Legal Notice
  2. Analysis & Synthesis Summary
  3. Analysis & Synthesis Settings
  4. Parallel Compilation
  5. Analysis & Synthesis Source Files Read
  6. Analysis & Synthesis Resource Usage Summary
  7. Analysis & Synthesis Resource Utilization by Entity
  8. Registers Removed During Synthesis
  9. General Register Statistics
 10. Multiplexer Restructuring Statistics (Restructuring Performed)
 11. Parameter Settings for User Entity Instance: Top-level Entity: |IMAGE_SENSOR_SIM
 12. Parameter Settings for User Entity Instance: count_n_modul:div_clk_q
 13. Parameter Settings for User Entity Instance: count_n_modul:cnt_pix_IS
 14. Parameter Settings for User Entity Instance: count_n_modul:cnt_str
 15. Parameter Settings for User Entity Instance: count_n_modul:div_CLK_fast_q
 16. Parameter Settings for User Entity Instance: Working_with_Memory:Write_from_file
 17. Parameter Settings for User Entity Instance: Working_with_Memory:Write_from_file|count_n_modul:Count_mem_read
 18. Parameter Settings for User Entity Instance: Working_with_Memory:Write_from_file|count_n_modul:Count_mem_write
 19. Parameter Settings for User Entity Instance: Write_to_file:Writing_in_file
 20. Port Connectivity Checks: "Working_with_Memory:Write_from_file|count_n_modul:Count_mem_write"
 21. Port Connectivity Checks: "Working_with_Memory:Write_from_file|count_n_modul:Count_mem_read"
 22. Port Connectivity Checks: "count_n_modul:div_CLK_fast_q"
 23. Port Connectivity Checks: "count_n_modul:cnt_str"
 24. Port Connectivity Checks: "count_n_modul:div_clk_q"
 25. Post-Synthesis Netlist Statistics for Top Partition
 26. Elapsed Time Per Partition
 27. Analysis & Synthesis Messages



----------------
; Legal Notice ;
----------------
Copyright (C) 2018  Intel Corporation. All rights reserved.
Your use of Intel Corporation's design tools, logic functions 
and other software and tools, and its AMPP partner logic 
functions, and any output files from any of the foregoing 
(including device programming or simulation files), and any 
associated documentation or information are expressly subject 
to the terms and conditions of the Intel Program License 
Subscription Agreement, the Intel Quartus Prime License Agreement,
the Intel FPGA IP License Agreement, or other applicable license
agreement, including, without limitation, that your use is for
the sole purpose of programming logic devices manufactured by
Intel and sold by Intel or its authorized distributors.  Please
refer to the applicable agreement for further details.



+----------------------------------------------------------------------------------+
; Analysis & Synthesis Summary                                                     ;
+------------------------------------+---------------------------------------------+
; Analysis & Synthesis Status        ; Successful - Tue Oct 08 14:05:28 2019       ;
; Quartus Prime Version              ; 18.1.0 Build 625 09/12/2018 SJ Lite Edition ;
; Revision Name                      ; TOP                                         ;
; Top-level Entity Name              ; IMAGE_SENSOR_SIM                            ;
; Family                             ; Cyclone IV E                                ;
; Total logic elements               ; 237                                         ;
;     Total combinational functions  ; 197                                         ;
;     Dedicated logic registers      ; 104                                         ;
; Total registers                    ; 104                                         ;
; Total pins                         ; 134                                         ;
; Total virtual pins                 ; 0                                           ;
; Total memory bits                  ; 0                                           ;
; Embedded Multiplier 9-bit elements ; 0                                           ;
; Total PLLs                         ; 0                                           ;
+------------------------------------+---------------------------------------------+


+------------------------------------------------------------------------------------------------------------+
; Analysis & Synthesis Settings                                                                              ;
+------------------------------------------------------------------+--------------------+--------------------+
; Option                                                           ; Setting            ; Default Value      ;
+------------------------------------------------------------------+--------------------+--------------------+
; Top-level entity name                                            ; IMAGE_SENSOR_SIM   ; TOP                ;
; Family name                                                      ; Cyclone IV E       ; Cyclone V          ;
; VHDL Show LMF Mapping Messages                                   ; Off                ;                    ;
; VHDL Version                                                     ; VHDL_2008          ; VHDL_1993          ;
; Use smart compilation                                            ; Off                ; Off                ;
; Enable parallel Assembler and Timing Analyzer during compilation ; On                 ; On                 ;
; Enable compact report table                                      ; Off                ; Off                ;
; Restructure Multiplexers                                         ; Auto               ; Auto               ;
; Create Debugging Nodes for IP Cores                              ; Off                ; Off                ;
; Preserve fewer node names                                        ; On                 ; On                 ;
; Intel FPGA IP Evaluation Mode                                    ; Enable             ; Enable             ;
; Verilog Version                                                  ; Verilog_2001       ; Verilog_2001       ;
; State Machine Processing                                         ; Auto               ; Auto               ;
; Safe State Machine                                               ; Off                ; Off                ;
; Extract Verilog State Machines                                   ; On                 ; On                 ;
; Extract VHDL State Machines                                      ; On                 ; On                 ;
; Ignore Verilog initial constructs                                ; Off                ; Off                ;
; Iteration limit for constant Verilog loops                       ; 5000               ; 5000               ;
; Iteration limit for non-constant Verilog loops                   ; 250                ; 250                ;
; Add Pass-Through Logic to Inferred RAMs                          ; On                 ; On                 ;
; Infer RAMs from Raw Logic                                        ; On                 ; On                 ;
; Parallel Synthesis                                               ; On                 ; On                 ;
; DSP Block Balancing                                              ; Auto               ; Auto               ;
; NOT Gate Push-Back                                               ; On                 ; On                 ;
; Power-Up Don't Care                                              ; On                 ; On                 ;
; Remove Redundant Logic Cells                                     ; Off                ; Off                ;
; Remove Duplicate Registers                                       ; On                 ; On                 ;
; Ignore CARRY Buffers                                             ; Off                ; Off                ;
; Ignore CASCADE Buffers                                           ; Off                ; Off                ;
; Ignore GLOBAL Buffers                                            ; Off                ; Off                ;
; Ignore ROW GLOBAL Buffers                                        ; Off                ; Off                ;
; Ignore LCELL Buffers                                             ; Off                ; Off                ;
; Ignore SOFT Buffers                                              ; On                 ; On                 ;
; Limit AHDL Integers to 32 Bits                                   ; Off                ; Off                ;
; Optimization Technique                                           ; Balanced           ; Balanced           ;
; Carry Chain Length                                               ; 70                 ; 70                 ;
; Auto Carry Chains                                                ; On                 ; On                 ;
; Auto Open-Drain Pins                                             ; On                 ; On                 ;
; Perform WYSIWYG Primitive Resynthesis                            ; Off                ; Off                ;
; Auto ROM Replacement                                             ; On                 ; On                 ;
; Auto RAM Replacement                                             ; On                 ; On                 ;
; Auto DSP Block Replacement                                       ; On                 ; On                 ;
; Auto Shift Register Replacement                                  ; Auto               ; Auto               ;
; Allow Shift Register Merging across Hierarchies                  ; Auto               ; Auto               ;
; Auto Clock Enable Replacement                                    ; On                 ; On                 ;
; Strict RAM Replacement                                           ; Off                ; Off                ;
; Allow Synchronous Control Signals                                ; On                 ; On                 ;
; Force Use of Synchronous Clear Signals                           ; Off                ; Off                ;
; Auto RAM Block Balancing                                         ; On                 ; On                 ;
; Auto RAM to Logic Cell Conversion                                ; Off                ; Off                ;
; Auto Resource Sharing                                            ; Off                ; Off                ;
; Allow Any RAM Size For Recognition                               ; Off                ; Off                ;
; Allow Any ROM Size For Recognition                               ; Off                ; Off                ;
; Allow Any Shift Register Size For Recognition                    ; Off                ; Off                ;
; Use LogicLock Constraints during Resource Balancing              ; On                 ; On                 ;
; Ignore translate_off and synthesis_off directives                ; Off                ; Off                ;
; Timing-Driven Synthesis                                          ; On                 ; On                 ;
; Report Parameter Settings                                        ; On                 ; On                 ;
; Report Source Assignments                                        ; On                 ; On                 ;
; Report Connectivity Checks                                       ; On                 ; On                 ;
; Ignore Maximum Fan-Out Assignments                               ; Off                ; Off                ;
; Synchronization Register Chain Length                            ; 2                  ; 2                  ;
; Power Optimization During Synthesis                              ; Normal compilation ; Normal compilation ;
; HDL message level                                                ; Level2             ; Level2             ;
; Suppress Register Optimization Related Messages                  ; Off                ; Off                ;
; Number of Removed Registers Reported in Synthesis Report         ; 5000               ; 5000               ;
; Number of Swept Nodes Reported in Synthesis Report               ; 5000               ; 5000               ;
; Number of Inverted Registers Reported in Synthesis Report        ; 100                ; 100                ;
; Clock MUX Protection                                             ; On                 ; On                 ;
; Auto Gated Clock Conversion                                      ; Off                ; Off                ;
; Block Design Naming                                              ; Auto               ; Auto               ;
; SDC constraint protection                                        ; Off                ; Off                ;
; Synthesis Effort                                                 ; Auto               ; Auto               ;
; Shift Register Replacement - Allow Asynchronous Clear Signal     ; On                 ; On                 ;
; Pre-Mapping Resynthesis Optimization                             ; Off                ; Off                ;
; Analysis & Synthesis Message Level                               ; Medium             ; Medium             ;
; Disable Register Merging Across Hierarchies                      ; Auto               ; Auto               ;
; Resource Aware Inference For Block RAM                           ; On                 ; On                 ;
+------------------------------------------------------------------+--------------------+--------------------+


+------------------------------------------+
; Parallel Compilation                     ;
+----------------------------+-------------+
; Processors                 ; Number      ;
+----------------------------+-------------+
; Number detected on machine ; 6           ;
; Maximum allowed            ; 6           ;
;                            ;             ;
; Average used               ; 1.00        ;
; Maximum used               ; 6           ;
;                            ;             ;
; Usage by Processor         ; % Time Used ;
;     Processor 1            ; 100.0%      ;
;     Processors 2-6         ;   0.0%      ;
+----------------------------+-------------+


+-----------------------------------------------------------------------------------------------------------------------------------------------------+
; Analysis & Synthesis Source Files Read                                                                                                              ;
+----------------------------------+-----------------+-----------------+--------------------------------------------------------------------+---------+
; File Name with User-Entered Path ; Used in Netlist ; File Type       ; File Name with Absolute Path                                       ; Library ;
+----------------------------------+-----------------+-----------------+--------------------------------------------------------------------+---------+
; Working_with_memory.vhd          ; yes             ; User VHDL File  ; C:/Users/Siriy/Desktop/07.10.19/RGB(TEST)/Working_with_memory.vhd  ;         ;
; WRITE_TO_FILE.vhd                ; yes             ; User VHDL File  ; C:/Users/Siriy/Desktop/07.10.19/RGB(TEST)/WRITE_TO_FILE.vhd        ;         ;
; IMAGE_SENSOR_SIM (2).vhd         ; yes             ; User VHDL File  ; C:/Users/Siriy/Desktop/07.10.19/RGB(TEST)/IMAGE_SENSOR_SIM (2).vhd ;         ;
; count_n_modul.vhd                ; yes             ; User VHDL File  ; C:/Users/Siriy/Desktop/07.10.19/RGB(TEST)/count_n_modul.vhd        ;         ;
+----------------------------------+-----------------+-----------------+--------------------------------------------------------------------+---------+


+---------------------------------------------------------+
; Analysis & Synthesis Resource Usage Summary             ;
+---------------------------------------------+-----------+
; Resource                                    ; Usage     ;
+---------------------------------------------+-----------+
; Estimated Total logic elements              ; 237       ;
;                                             ;           ;
; Total combinational functions               ; 197       ;
; Logic element usage by number of LUT inputs ;           ;
;     -- 4 input functions                    ; 44        ;
;     -- 3 input functions                    ; 69        ;
;     -- <=2 input functions                  ; 84        ;
;                                             ;           ;
; Logic elements by mode                      ;           ;
;     -- normal mode                          ; 105       ;
;     -- arithmetic mode                      ; 92        ;
;                                             ;           ;
; Total registers                             ; 104       ;
;     -- Dedicated logic registers            ; 104       ;
;     -- I/O registers                        ; 0         ;
;                                             ;           ;
; I/O pins                                    ; 134       ;
;                                             ;           ;
; Embedded Multiplier 9-bit elements          ; 0         ;
;                                             ;           ;
; Maximum fan-out node                        ; CLK~input ;
; Maximum fan-out                             ; 104       ;
; Total fan-out                               ; 1036      ;
; Average fan-out                             ; 1.82      ;
+---------------------------------------------+-----------+


+-----------------------------------------------------------------------------------------------------------------------------------------------------------------------------------------------------------------------------------------+
; Analysis & Synthesis Resource Utilization by Entity                                                                                                                                                                                     ;
+-------------------------------+---------------------+---------------------------+-------------+--------------+---------+-----------+------+--------------+--------------------------------------------+------------------+--------------+
; Compilation Hierarchy Node    ; Combinational ALUTs ; Dedicated Logic Registers ; Memory Bits ; DSP Elements ; DSP 9x9 ; DSP 18x18 ; Pins ; Virtual Pins ; Full Hierarchy Name                        ; Entity Name      ; Library Name ;
+-------------------------------+---------------------+---------------------------+-------------+--------------+---------+-----------+------+--------------+--------------------------------------------+------------------+--------------+
; |IMAGE_SENSOR_SIM             ; 197 (105)           ; 104 (47)                  ; 0           ; 0            ; 0       ; 0         ; 134  ; 0            ; |IMAGE_SENSOR_SIM                          ; IMAGE_SENSOR_SIM ; work         ;
;    |count_n_modul:cnt_pix_IS| ; 55 (55)             ; 25 (25)                   ; 0           ; 0            ; 0       ; 0         ; 0    ; 0            ; |IMAGE_SENSOR_SIM|count_n_modul:cnt_pix_IS ; count_n_modul    ; work         ;
;    |count_n_modul:cnt_str|    ; 33 (33)             ; 24 (24)                   ; 0           ; 0            ; 0       ; 0         ; 0    ; 0            ; |IMAGE_SENSOR_SIM|count_n_modul:cnt_str    ; count_n_modul    ; work         ;
;    |count_n_modul:div_clk_q|  ; 4 (4)               ; 8 (8)                     ; 0           ; 0            ; 0       ; 0         ; 0    ; 0            ; |IMAGE_SENSOR_SIM|count_n_modul:div_clk_q  ; count_n_modul    ; work         ;
+-------------------------------+---------------------+---------------------------+-------------+--------------+---------+-----------+------+--------------+--------------------------------------------+------------------+--------------+
Note: For table entries with two numbers listed, the numbers in parentheses indicate the number of resources of the given type used by the specific entity alone. The numbers listed outside of parentheses indicate the total resources of the given type used by the specific entity and all of its sub-entities in the hierarchy.


+------------------------------------------------------------+
; Registers Removed During Synthesis                         ;
+---------------------------------------+--------------------+
; Register name                         ; Reason for Removal ;
+---------------------------------------+--------------------+
; count_n_modul:div_clk_q|qint[4..7]    ; Lost fanout        ;
; Total Number of Removed Registers = 4 ;                    ;
+---------------------------------------+--------------------+


+------------------------------------------------------+
; General Register Statistics                          ;
+----------------------------------------------+-------+
; Statistic                                    ; Value ;
+----------------------------------------------+-------+
; Total registers                              ; 104   ;
; Number of registers using Synchronous Clear  ; 24    ;
; Number of registers using Synchronous Load   ; 20    ;
; Number of registers using Asynchronous Clear ; 28    ;
; Number of registers using Asynchronous Load  ; 0     ;
; Number of registers using Clock Enable       ; 59    ;
; Number of registers using Preset             ; 0     ;
+----------------------------------------------+-------+


+-------------------------------------------------------------------------------------------------------------------------------------------------+
; Multiplexer Restructuring Statistics (Restructuring Performed)                                                                                  ;
+--------------------+-----------+---------------+----------------------+------------------------+------------+-----------------------------------+
; Multiplexer Inputs ; Bus Width ; Baseline Area ; Area if Restructured ; Saving if Restructured ; Registered ; Example Multiplexer Output        ;
+--------------------+-----------+---------------+----------------------+------------------------+------------+-----------------------------------+
; 5:1                ; 4 bits    ; 12 LEs        ; 8 LEs                ; 4 LEs                  ; Yes        ; |IMAGE_SENSOR_SIM|n_pix_IS_in[11] ;
; 5:1                ; 16 bits   ; 48 LEs        ; 32 LEs               ; 16 LEs                 ; Yes        ; |IMAGE_SENSOR_SIM|START_PIX_in[9] ;
; 6:1                ; 4 bits    ; 16 LEs        ; 8 LEs                ; 8 LEs                  ; Yes        ; |IMAGE_SENSOR_SIM|n_pix_IS_in[1]  ;
+--------------------+-----------+---------------+----------------------+------------------------+------------+-----------------------------------+


+----------------------------------------------------------------------------------+
; Parameter Settings for User Entity Instance: Top-level Entity: |IMAGE_SENSOR_SIM ;
+--------------------+-------+-----------------------------------------------------+
; Parameter Name     ; Value ; Type                                                ;
+--------------------+-------+-----------------------------------------------------+
; bit_data_imx       ; 10    ; Signed Integer                                      ;
; bit_strok          ; 12    ; Signed Integer                                      ;
; bit_pix            ; 12    ; Signed Integer                                      ;
; bit_frame          ; 8     ; Signed Integer                                      ;
; Address_cell_width ; 24    ; Signed Integer                                      ;
; Address_width      ; 20    ; Signed Integer                                      ;
; Separating_width   ; 8     ; Signed Integer                                      ;
+--------------------+-------+-----------------------------------------------------+
Note: In order to hide this table in the UI and the text report file, please set the "Show Parameter Settings in Synthesis Report" option in "Analysis and Synthesis Settings -> More Settings" to "Off".


+----------------------------------------------------------------------+
; Parameter Settings for User Entity Instance: count_n_modul:div_clk_q ;
+----------------+-------+---------------------------------------------+
; Parameter Name ; Value ; Type                                        ;
+----------------+-------+---------------------------------------------+
; n              ; 8     ; Signed Integer                              ;
+----------------+-------+---------------------------------------------+
Note: In order to hide this table in the UI and the text report file, please set the "Show Parameter Settings in Synthesis Report" option in "Analysis and Synthesis Settings -> More Settings" to "Off".


+-----------------------------------------------------------------------+
; Parameter Settings for User Entity Instance: count_n_modul:cnt_pix_IS ;
+----------------+-------+----------------------------------------------+
; Parameter Name ; Value ; Type                                         ;
+----------------+-------+----------------------------------------------+
; n              ; 12    ; Signed Integer                               ;
+----------------+-------+----------------------------------------------+
Note: In order to hide this table in the UI and the text report file, please set the "Show Parameter Settings in Synthesis Report" option in "Analysis and Synthesis Settings -> More Settings" to "Off".


+--------------------------------------------------------------------+
; Parameter Settings for User Entity Instance: count_n_modul:cnt_str ;
+----------------+-------+-------------------------------------------+
; Parameter Name ; Value ; Type                                      ;
+----------------+-------+-------------------------------------------+
; n              ; 12    ; Signed Integer                            ;
+----------------+-------+-------------------------------------------+
Note: In order to hide this table in the UI and the text report file, please set the "Show Parameter Settings in Synthesis Report" option in "Analysis and Synthesis Settings -> More Settings" to "Off".


+---------------------------------------------------------------------------+
; Parameter Settings for User Entity Instance: count_n_modul:div_CLK_fast_q ;
+----------------+-------+--------------------------------------------------+
; Parameter Name ; Value ; Type                                             ;
+----------------+-------+--------------------------------------------------+
; n              ; 8     ; Signed Integer                                   ;
+----------------+-------+--------------------------------------------------+
Note: In order to hide this table in the UI and the text report file, please set the "Show Parameter Settings in Synthesis Report" option in "Analysis and Synthesis Settings -> More Settings" to "Off".


+----------------------------------------------------------------------------------+
; Parameter Settings for User Entity Instance: Working_with_Memory:Write_from_file ;
+--------------------+--------------------+----------------------------------------+
; Parameter Name     ; Value              ; Type                                   ;
+--------------------+--------------------+----------------------------------------+
; bit_pix            ; 12                 ; Signed Integer                         ;
; bit_strok          ; 12                 ; Signed Integer                         ;
; address_cell_width ; 24                 ; Signed Integer                         ;
; address_width      ; 20                 ; Signed Integer                         ;
; separating_width   ; 8                  ; Signed Integer                         ;
; image_file_name    ; HOUSE_IN_BINAR.TXT ; String                                 ;
+--------------------+--------------------+----------------------------------------+
Note: In order to hide this table in the UI and the text report file, please set the "Show Parameter Settings in Synthesis Report" option in "Analysis and Synthesis Settings -> More Settings" to "Off".


+---------------------------------------------------------------------------------------------------------------+
; Parameter Settings for User Entity Instance: Working_with_Memory:Write_from_file|count_n_modul:Count_mem_read ;
+----------------+-------+--------------------------------------------------------------------------------------+
; Parameter Name ; Value ; Type                                                                                 ;
+----------------+-------+--------------------------------------------------------------------------------------+
; n              ; 20    ; Signed Integer                                                                       ;
+----------------+-------+--------------------------------------------------------------------------------------+
Note: In order to hide this table in the UI and the text report file, please set the "Show Parameter Settings in Synthesis Report" option in "Analysis and Synthesis Settings -> More Settings" to "Off".


+----------------------------------------------------------------------------------------------------------------+
; Parameter Settings for User Entity Instance: Working_with_Memory:Write_from_file|count_n_modul:Count_mem_write ;
+----------------+-------+---------------------------------------------------------------------------------------+
; Parameter Name ; Value ; Type                                                                                  ;
+----------------+-------+---------------------------------------------------------------------------------------+
; n              ; 20    ; Signed Integer                                                                        ;
+----------------+-------+---------------------------------------------------------------------------------------+
Note: In order to hide this table in the UI and the text report file, please set the "Show Parameter Settings in Synthesis Report" option in "Analysis and Synthesis Settings -> More Settings" to "Off".


+----------------------------------------------------------------------------+
; Parameter Settings for User Entity Instance: Write_to_file:Writing_in_file ;
+------------------+-------+-------------------------------------------------+
; Parameter Name   ; Value ; Type                                            ;
+------------------+-------+-------------------------------------------------+
; separating_width ; 8     ; Signed Integer                                  ;
+------------------+-------+-------------------------------------------------+
Note: In order to hide this table in the UI and the text report file, please set the "Show Parameter Settings in Synthesis Report" option in "Analysis and Synthesis Settings -> More Settings" to "Off".


+-----------------------------------------------------------------------------------------------------------------+
; Port Connectivity Checks: "Working_with_Memory:Write_from_file|count_n_modul:Count_mem_write"                   ;
+-------+--------+----------+-------------------------------------------------------------------------------------+
; Port  ; Type   ; Severity ; Details                                                                             ;
+-------+--------+----------+-------------------------------------------------------------------------------------+
; reset ; Input  ; Info     ; Stuck at GND                                                                        ;
; qout  ; Output ; Info     ; Connected to dangling logic. Logic that only feeds a dangling port will be removed. ;
; cout  ; Output ; Info     ; Connected to dangling logic. Logic that only feeds a dangling port will be removed. ;
+-------+--------+----------+-------------------------------------------------------------------------------------+


+-----------------------------------------------------------------------------------------------------------------+
; Port Connectivity Checks: "Working_with_Memory:Write_from_file|count_n_modul:Count_mem_read"                    ;
+-------+--------+----------+-------------------------------------------------------------------------------------+
; Port  ; Type   ; Severity ; Details                                                                             ;
+-------+--------+----------+-------------------------------------------------------------------------------------+
; reset ; Input  ; Info     ; Stuck at GND                                                                        ;
; qout  ; Output ; Info     ; Connected to dangling logic. Logic that only feeds a dangling port will be removed. ;
+-------+--------+----------+-------------------------------------------------------------------------------------+


+-----------------------------------------------------------------------------------------------------------------+
; Port Connectivity Checks: "count_n_modul:div_CLK_fast_q"                                                        ;
+-------+--------+----------+-------------------------------------------------------------------------------------+
; Port  ; Type   ; Severity ; Details                                                                             ;
+-------+--------+----------+-------------------------------------------------------------------------------------+
; modul ; Input  ; Info     ; Stuck at GND                                                                        ;
; qout  ; Output ; Info     ; Connected to dangling logic. Logic that only feeds a dangling port will be removed. ;
; cout  ; Output ; Info     ; Connected to dangling logic. Logic that only feeds a dangling port will be removed. ;
+-------+--------+----------+-------------------------------------------------------------------------------------+


+----------------------------------------------------------------------------------------------------------------+
; Port Connectivity Checks: "count_n_modul:cnt_str"                                                              ;
+------+--------+----------+-------------------------------------------------------------------------------------+
; Port ; Type   ; Severity ; Details                                                                             ;
+------+--------+----------+-------------------------------------------------------------------------------------+
; cout ; Output ; Info     ; Connected to dangling logic. Logic that only feeds a dangling port will be removed. ;
+------+--------+----------+-------------------------------------------------------------------------------------+


+----------------------------------------------------------------------------------------------------------------------+
; Port Connectivity Checks: "count_n_modul:div_clk_q"                                                                  ;
+------------+--------+----------+-------------------------------------------------------------------------------------+
; Port       ; Type   ; Severity ; Details                                                                             ;
+------------+--------+----------+-------------------------------------------------------------------------------------+
; modul      ; Input  ; Info     ; Stuck at GND                                                                        ;
; qout[7..4] ; Output ; Info     ; Connected to dangling logic. Logic that only feeds a dangling port will be removed. ;
; cout       ; Output ; Info     ; Connected to dangling logic. Logic that only feeds a dangling port will be removed. ;
+------------+--------+----------+-------------------------------------------------------------------------------------+


+-----------------------------------------------------+
; Post-Synthesis Netlist Statistics for Top Partition ;
+-----------------------+-----------------------------+
; Type                  ; Count                       ;
+-----------------------+-----------------------------+
; boundary_port         ; 134                         ;
; cycloneiii_ff         ; 104                         ;
;     CLR               ; 1                           ;
;     ENA               ; 32                          ;
;     ENA CLR           ; 3                           ;
;     ENA CLR SCLR      ; 24                          ;
;     SLD               ; 20                          ;
;     plain             ; 24                          ;
; cycloneiii_lcell_comb ; 198                         ;
;     arith             ; 92                          ;
;         2 data inputs ; 68                          ;
;         3 data inputs ; 24                          ;
;     normal            ; 106                         ;
;         0 data inputs ; 5                           ;
;         1 data inputs ; 4                           ;
;         2 data inputs ; 8                           ;
;         3 data inputs ; 45                          ;
;         4 data inputs ; 44                          ;
;                       ;                             ;
; Max LUT depth         ; 6.70                        ;
; Average LUT depth     ; 3.23                        ;
+-----------------------+-----------------------------+


+-------------------------------+
; Elapsed Time Per Partition    ;
+----------------+--------------+
; Partition Name ; Elapsed Time ;
+----------------+--------------+
; Top            ; 00:00:00     ;
+----------------+--------------+


+-------------------------------+
; Analysis & Synthesis Messages ;
+-------------------------------+
Info: *******************************************************************
Info: Running Quartus Prime Analysis & Synthesis
    Info: Version 18.1.0 Build 625 09/12/2018 SJ Lite Edition
    Info: Processing started: Tue Oct 08 14:05:15 2019
Info: Command: quartus_map --read_settings_files=on --write_settings_files=off RGB -c TOP
Warning (18236): Number of processors has not been specified which may cause overloading on shared machines.  Set the global assignment NUM_PARALLEL_PROCESSORS in your QSF to an appropriate value for best performance.
Info (20030): Parallel compilation is enabled and will use 6 of the 6 processors detected
Info (12021): Found 2 design units, including 1 entities, in source file working_with_memory.vhd
    Info (12022): Found design unit 1: Working_with_Memory-behavioral File: C:/Users/Siriy/Desktop/07.10.19/RGB(TEST)/Working_with_memory.vhd Line: 30
    Info (12023): Found entity 1: Working_with_Memory File: C:/Users/Siriy/Desktop/07.10.19/RGB(TEST)/Working_with_memory.vhd Line: 6
Info (12021): Found 2 design units, including 1 entities, in source file write_to_file.vhd
    Info (12022): Found design unit 1: Write_to_file-Arch File: C:/Users/Siriy/Desktop/07.10.19/RGB(TEST)/WRITE_TO_FILE.vhd Line: 19
    Info (12023): Found entity 1: Write_to_file File: C:/Users/Siriy/Desktop/07.10.19/RGB(TEST)/WRITE_TO_FILE.vhd Line: 6
Info (12021): Found 2 design units, including 1 entities, in source file image_sensor_sim (2).vhd
    Info (12022): Found design unit 1: IMAGE_SENSOR_SIM-beh File: C:/Users/Siriy/Desktop/07.10.19/RGB(TEST)/IMAGE_SENSOR_SIM (2).vhd Line: 73
    Info (12023): Found entity 1: IMAGE_SENSOR_SIM File: C:/Users/Siriy/Desktop/07.10.19/RGB(TEST)/IMAGE_SENSOR_SIM (2).vhd Line: 22
Info (12021): Found 2 design units, including 1 entities, in source file count_n_modul.vhd
    Info (12022): Found design unit 1: count_n_modul-beh File: C:/Users/Siriy/Desktop/07.10.19/RGB(TEST)/count_n_modul.vhd Line: 17
    Info (12023): Found entity 1: count_n_modul File: C:/Users/Siriy/Desktop/07.10.19/RGB(TEST)/count_n_modul.vhd Line: 5
Info (12127): Elaborating entity "IMAGE_SENSOR_SIM" for the top level hierarchy
Warning (10541): VHDL Signal Declaration warning at IMAGE_SENSOR_SIM (2).vhd(55): used implicit default value for signal "IMX_DDR_VIDEO_CH_0_P" because signal was never assigned a value or an explicit default value. Use of implicit default value may introduce unintended design optimizations. File: C:/Users/Siriy/Desktop/07.10.19/RGB(TEST)/IMAGE_SENSOR_SIM (2).vhd Line: 55
Warning (10541): VHDL Signal Declaration warning at IMAGE_SENSOR_SIM (2).vhd(56): used implicit default value for signal "IMX_DDR_VIDEO_CH_0_N" because signal was never assigned a value or an explicit default value. Use of implicit default value may introduce unintended design optimizations. File: C:/Users/Siriy/Desktop/07.10.19/RGB(TEST)/IMAGE_SENSOR_SIM (2).vhd Line: 56
Warning (10541): VHDL Signal Declaration warning at IMAGE_SENSOR_SIM (2).vhd(57): used implicit default value for signal "IMX_DDR_VIDEO_CH_1_P" because signal was never assigned a value or an explicit default value. Use of implicit default value may introduce unintended design optimizations. File: C:/Users/Siriy/Desktop/07.10.19/RGB(TEST)/IMAGE_SENSOR_SIM (2).vhd Line: 57
Warning (10541): VHDL Signal Declaration warning at IMAGE_SENSOR_SIM (2).vhd(58): used implicit default value for signal "IMX_DDR_VIDEO_CH_1_N" because signal was never assigned a value or an explicit default value. Use of implicit default value may introduce unintended design optimizations. File: C:/Users/Siriy/Desktop/07.10.19/RGB(TEST)/IMAGE_SENSOR_SIM (2).vhd Line: 58
Warning (10541): VHDL Signal Declaration warning at IMAGE_SENSOR_SIM (2).vhd(59): used implicit default value for signal "IMX_DDR_VIDEO_CH_2_P" because signal was never assigned a value or an explicit default value. Use of implicit default value may introduce unintended design optimizations. File: C:/Users/Siriy/Desktop/07.10.19/RGB(TEST)/IMAGE_SENSOR_SIM (2).vhd Line: 59
Warning (10541): VHDL Signal Declaration warning at IMAGE_SENSOR_SIM (2).vhd(60): used implicit default value for signal "IMX_DDR_VIDEO_CH_2_N" because signal was never assigned a value or an explicit default value. Use of implicit default value may introduce unintended design optimizations. File: C:/Users/Siriy/Desktop/07.10.19/RGB(TEST)/IMAGE_SENSOR_SIM (2).vhd Line: 60
Warning (10541): VHDL Signal Declaration warning at IMAGE_SENSOR_SIM (2).vhd(61): used implicit default value for signal "IMX_DDR_VIDEO_CH_3_P" because signal was never assigned a value or an explicit default value. Use of implicit default value may introduce unintended design optimizations. File: C:/Users/Siriy/Desktop/07.10.19/RGB(TEST)/IMAGE_SENSOR_SIM (2).vhd Line: 61
Warning (10541): VHDL Signal Declaration warning at IMAGE_SENSOR_SIM (2).vhd(62): used implicit default value for signal "IMX_DDR_VIDEO_CH_3_N" because signal was never assigned a value or an explicit default value. Use of implicit default value may introduce unintended design optimizations. File: C:/Users/Siriy/Desktop/07.10.19/RGB(TEST)/IMAGE_SENSOR_SIM (2).vhd Line: 62
Warning (10541): VHDL Signal Declaration warning at IMAGE_SENSOR_SIM (2).vhd(64): used implicit default value for signal "IMX_DDR_CLK_P" because signal was never assigned a value or an explicit default value. Use of implicit default value may introduce unintended design optimizations. File: C:/Users/Siriy/Desktop/07.10.19/RGB(TEST)/IMAGE_SENSOR_SIM (2).vhd Line: 64
Warning (10541): VHDL Signal Declaration warning at IMAGE_SENSOR_SIM (2).vhd(65): used implicit default value for signal "IMX_DDR_CLK_N" because signal was never assigned a value or an explicit default value. Use of implicit default value may introduce unintended design optimizations. File: C:/Users/Siriy/Desktop/07.10.19/RGB(TEST)/IMAGE_SENSOR_SIM (2).vhd Line: 65
Warning (10541): VHDL Signal Declaration warning at IMAGE_SENSOR_SIM (2).vhd(66): used implicit default value for signal "DATA_IMX_OUT_R" because signal was never assigned a value or an explicit default value. Use of implicit default value may introduce unintended design optimizations. File: C:/Users/Siriy/Desktop/07.10.19/RGB(TEST)/IMAGE_SENSOR_SIM (2).vhd Line: 66
Warning (10541): VHDL Signal Declaration warning at IMAGE_SENSOR_SIM (2).vhd(67): used implicit default value for signal "DATA_IMX_OUT_G" because signal was never assigned a value or an explicit default value. Use of implicit default value may introduce unintended design optimizations. File: C:/Users/Siriy/Desktop/07.10.19/RGB(TEST)/IMAGE_SENSOR_SIM (2).vhd Line: 67
Warning (10541): VHDL Signal Declaration warning at IMAGE_SENSOR_SIM (2).vhd(68): used implicit default value for signal "DATA_IMX_OUT_B" because signal was never assigned a value or an explicit default value. Use of implicit default value may introduce unintended design optimizations. File: C:/Users/Siriy/Desktop/07.10.19/RGB(TEST)/IMAGE_SENSOR_SIM (2).vhd Line: 68
Warning (10541): VHDL Signal Declaration warning at IMAGE_SENSOR_SIM (2).vhd(69): used implicit default value for signal "DATA_IMX_OUT" because signal was never assigned a value or an explicit default value. Use of implicit default value may introduce unintended design optimizations. File: C:/Users/Siriy/Desktop/07.10.19/RGB(TEST)/IMAGE_SENSOR_SIM (2).vhd Line: 69
Warning (10036): Verilog HDL or VHDL warning at IMAGE_SENSOR_SIM (2).vhd(125): object "ena_kadr_cnt" assigned a value but never read File: C:/Users/Siriy/Desktop/07.10.19/RGB(TEST)/IMAGE_SENSOR_SIM (2).vhd Line: 125
Warning (10036): Verilog HDL or VHDL warning at IMAGE_SENSOR_SIM (2).vhd(127): object "ena_pix_total_cnt" assigned a value but never read File: C:/Users/Siriy/Desktop/07.10.19/RGB(TEST)/IMAGE_SENSOR_SIM (2).vhd Line: 127
Warning (10036): Verilog HDL or VHDL warning at IMAGE_SENSOR_SIM (2).vhd(166): object "data_imx_video" assigned a value but never read File: C:/Users/Siriy/Desktop/07.10.19/RGB(TEST)/IMAGE_SENSOR_SIM (2).vhd Line: 166
Warning (10036): Verilog HDL or VHDL warning at IMAGE_SENSOR_SIM (2).vhd(168): object "DATA_IMX_OUT_in" assigned a value but never read File: C:/Users/Siriy/Desktop/07.10.19/RGB(TEST)/IMAGE_SENSOR_SIM (2).vhd Line: 168
Warning (10541): VHDL Signal Declaration warning at IMAGE_SENSOR_SIM (2).vhd(169): used implicit default value for signal "IMX_DDR_VIDEO_in" because signal was never assigned a value or an explicit default value. Use of implicit default value may introduce unintended design optimizations. File: C:/Users/Siriy/Desktop/07.10.19/RGB(TEST)/IMAGE_SENSOR_SIM (2).vhd Line: 169
Warning (10036): Verilog HDL or VHDL warning at IMAGE_SENSOR_SIM (2).vhd(170): object "IMX_DDR_CLK_in" assigned a value but never read File: C:/Users/Siriy/Desktop/07.10.19/RGB(TEST)/IMAGE_SENSOR_SIM (2).vhd Line: 170
Warning (10541): VHDL Signal Declaration warning at IMAGE_SENSOR_SIM (2).vhd(191): used implicit default value for signal "q_load_ddr_video_imx" because signal was never assigned a value or an explicit default value. Use of implicit default value may introduce unintended design optimizations. File: C:/Users/Siriy/Desktop/07.10.19/RGB(TEST)/IMAGE_SENSOR_SIM (2).vhd Line: 191
Warning (10036): Verilog HDL or VHDL warning at IMAGE_SENSOR_SIM (2).vhd(204): object "ena_CLK_fast" assigned a value but never read File: C:/Users/Siriy/Desktop/07.10.19/RGB(TEST)/IMAGE_SENSOR_SIM (2).vhd Line: 204
Warning (10036): Verilog HDL or VHDL warning at IMAGE_SENSOR_SIM (2).vhd(208): object "ena_CLK_fast_x16_in" assigned a value but never read File: C:/Users/Siriy/Desktop/07.10.19/RGB(TEST)/IMAGE_SENSOR_SIM (2).vhd Line: 208
Warning (10036): Verilog HDL or VHDL warning at IMAGE_SENSOR_SIM (2).vhd(210): object "IMX_DDR_VIDEO_in_b" assigned a value but never read File: C:/Users/Siriy/Desktop/07.10.19/RGB(TEST)/IMAGE_SENSOR_SIM (2).vhd Line: 210
Warning (10873): Using initial value X (don't care) for net "IMX_DDR_CLK" at IMAGE_SENSOR_SIM (2).vhd(63) File: C:/Users/Siriy/Desktop/07.10.19/RGB(TEST)/IMAGE_SENSOR_SIM (2).vhd Line: 63
Info (12128): Elaborating entity "count_n_modul" for hierarchy "count_n_modul:div_clk_q" File: C:/Users/Siriy/Desktop/07.10.19/RGB(TEST)/IMAGE_SENSOR_SIM (2).vhd Line: 285
Info (12128): Elaborating entity "count_n_modul" for hierarchy "count_n_modul:cnt_pix_IS" File: C:/Users/Siriy/Desktop/07.10.19/RGB(TEST)/IMAGE_SENSOR_SIM (2).vhd Line: 334
Info (12128): Elaborating entity "Working_with_Memory" for hierarchy "Working_with_Memory:Write_from_file" File: C:/Users/Siriy/Desktop/07.10.19/RGB(TEST)/IMAGE_SENSOR_SIM (2).vhd Line: 616
Warning (10036): Verilog HDL or VHDL warning at Working_with_memory.vhd(48): object "Line_int" assigned a value but never read File: C:/Users/Siriy/Desktop/07.10.19/RGB(TEST)/Working_with_memory.vhd Line: 48
Warning (10036): Verilog HDL or VHDL warning at Working_with_memory.vhd(49): object "Pix_int" assigned a value but never read File: C:/Users/Siriy/Desktop/07.10.19/RGB(TEST)/Working_with_memory.vhd Line: 49
Warning (10030): Net "RAM.data_a" at Working_with_memory.vhd(53) has no driver or initial value, using a default initial value '0' File: C:/Users/Siriy/Desktop/07.10.19/RGB(TEST)/Working_with_memory.vhd Line: 53
Warning (10030): Net "RAM.waddr_a" at Working_with_memory.vhd(53) has no driver or initial value, using a default initial value '0' File: C:/Users/Siriy/Desktop/07.10.19/RGB(TEST)/Working_with_memory.vhd Line: 53
Warning (10030): Net "RAM.we_a" at Working_with_memory.vhd(53) has no driver or initial value, using a default initial value '0' File: C:/Users/Siriy/Desktop/07.10.19/RGB(TEST)/Working_with_memory.vhd Line: 53
Info (12128): Elaborating entity "count_n_modul" for hierarchy "Working_with_Memory:Write_from_file|count_n_modul:Count_mem_read" File: C:/Users/Siriy/Desktop/07.10.19/RGB(TEST)/Working_with_memory.vhd Line: 90
Info (12128): Elaborating entity "Write_to_file" for hierarchy "Write_to_file:Writing_in_file" File: C:/Users/Siriy/Desktop/07.10.19/RGB(TEST)/IMAGE_SENSOR_SIM (2).vhd Line: 639
Warning (10542): VHDL Variable Declaration warning at syn_textio_vhdl1993.vhd(213): used initial value expression for variable "m" because variable was never assigned a value File: c:/intelfpga_lite/18.1/quartus/libraries/vhdl/synopsys/ieee/1993/syn_textio_vhdl1993.vhd Line: 213
Warning (13024): Output pins are stuck at VCC or GND
    Warning (13410): Pin "IMX_DDR_VIDEO" is stuck at GND File: C:/Users/Siriy/Desktop/07.10.19/RGB(TEST)/IMAGE_SENSOR_SIM (2).vhd Line: 52
    Warning (13410): Pin "IMX_DDR_VIDEO_CH_0_P[0]" is stuck at GND File: C:/Users/Siriy/Desktop/07.10.19/RGB(TEST)/IMAGE_SENSOR_SIM (2).vhd Line: 55
    Warning (13410): Pin "IMX_DDR_VIDEO_CH_0_N[0]" is stuck at GND File: C:/Users/Siriy/Desktop/07.10.19/RGB(TEST)/IMAGE_SENSOR_SIM (2).vhd Line: 56
    Warning (13410): Pin "IMX_DDR_VIDEO_CH_1_P[0]" is stuck at GND File: C:/Users/Siriy/Desktop/07.10.19/RGB(TEST)/IMAGE_SENSOR_SIM (2).vhd Line: 57
    Warning (13410): Pin "IMX_DDR_VIDEO_CH_1_N[0]" is stuck at GND File: C:/Users/Siriy/Desktop/07.10.19/RGB(TEST)/IMAGE_SENSOR_SIM (2).vhd Line: 58
    Warning (13410): Pin "IMX_DDR_VIDEO_CH_2_P[0]" is stuck at GND File: C:/Users/Siriy/Desktop/07.10.19/RGB(TEST)/IMAGE_SENSOR_SIM (2).vhd Line: 59
    Warning (13410): Pin "IMX_DDR_VIDEO_CH_2_N[0]" is stuck at GND File: C:/Users/Siriy/Desktop/07.10.19/RGB(TEST)/IMAGE_SENSOR_SIM (2).vhd Line: 60
    Warning (13410): Pin "IMX_DDR_VIDEO_CH_3_P[0]" is stuck at GND File: C:/Users/Siriy/Desktop/07.10.19/RGB(TEST)/IMAGE_SENSOR_SIM (2).vhd Line: 61
    Warning (13410): Pin "IMX_DDR_VIDEO_CH_3_N[0]" is stuck at GND File: C:/Users/Siriy/Desktop/07.10.19/RGB(TEST)/IMAGE_SENSOR_SIM (2).vhd Line: 62
    Warning (13410): Pin "IMX_DDR_CLK" is stuck at GND File: C:/Users/Siriy/Desktop/07.10.19/RGB(TEST)/IMAGE_SENSOR_SIM (2).vhd Line: 63
    Warning (13410): Pin "IMX_DDR_CLK_P[0]" is stuck at GND File: C:/Users/Siriy/Desktop/07.10.19/RGB(TEST)/IMAGE_SENSOR_SIM (2).vhd Line: 64
    Warning (13410): Pin "IMX_DDR_CLK_N[0]" is stuck at GND File: C:/Users/Siriy/Desktop/07.10.19/RGB(TEST)/IMAGE_SENSOR_SIM (2).vhd Line: 65
    Warning (13410): Pin "DATA_IMX_OUT_R[0]" is stuck at GND File: C:/Users/Siriy/Desktop/07.10.19/RGB(TEST)/IMAGE_SENSOR_SIM (2).vhd Line: 66
    Warning (13410): Pin "DATA_IMX_OUT_R[1]" is stuck at GND File: C:/Users/Siriy/Desktop/07.10.19/RGB(TEST)/IMAGE_SENSOR_SIM (2).vhd Line: 66
    Warning (13410): Pin "DATA_IMX_OUT_R[2]" is stuck at GND File: C:/Users/Siriy/Desktop/07.10.19/RGB(TEST)/IMAGE_SENSOR_SIM (2).vhd Line: 66
    Warning (13410): Pin "DATA_IMX_OUT_R[3]" is stuck at GND File: C:/Users/Siriy/Desktop/07.10.19/RGB(TEST)/IMAGE_SENSOR_SIM (2).vhd Line: 66
    Warning (13410): Pin "DATA_IMX_OUT_R[4]" is stuck at GND File: C:/Users/Siriy/Desktop/07.10.19/RGB(TEST)/IMAGE_SENSOR_SIM (2).vhd Line: 66
    Warning (13410): Pin "DATA_IMX_OUT_R[5]" is stuck at GND File: C:/Users/Siriy/Desktop/07.10.19/RGB(TEST)/IMAGE_SENSOR_SIM (2).vhd Line: 66
    Warning (13410): Pin "DATA_IMX_OUT_R[6]" is stuck at GND File: C:/Users/Siriy/Desktop/07.10.19/RGB(TEST)/IMAGE_SENSOR_SIM (2).vhd Line: 66
    Warning (13410): Pin "DATA_IMX_OUT_R[7]" is stuck at GND File: C:/Users/Siriy/Desktop/07.10.19/RGB(TEST)/IMAGE_SENSOR_SIM (2).vhd Line: 66
    Warning (13410): Pin "DATA_IMX_OUT_G[0]" is stuck at GND File: C:/Users/Siriy/Desktop/07.10.19/RGB(TEST)/IMAGE_SENSOR_SIM (2).vhd Line: 67
    Warning (13410): Pin "DATA_IMX_OUT_G[1]" is stuck at GND File: C:/Users/Siriy/Desktop/07.10.19/RGB(TEST)/IMAGE_SENSOR_SIM (2).vhd Line: 67
    Warning (13410): Pin "DATA_IMX_OUT_G[2]" is stuck at GND File: C:/Users/Siriy/Desktop/07.10.19/RGB(TEST)/IMAGE_SENSOR_SIM (2).vhd Line: 67
    Warning (13410): Pin "DATA_IMX_OUT_G[3]" is stuck at GND File: C:/Users/Siriy/Desktop/07.10.19/RGB(TEST)/IMAGE_SENSOR_SIM (2).vhd Line: 67
    Warning (13410): Pin "DATA_IMX_OUT_G[4]" is stuck at GND File: C:/Users/Siriy/Desktop/07.10.19/RGB(TEST)/IMAGE_SENSOR_SIM (2).vhd Line: 67
    Warning (13410): Pin "DATA_IMX_OUT_G[5]" is stuck at GND File: C:/Users/Siriy/Desktop/07.10.19/RGB(TEST)/IMAGE_SENSOR_SIM (2).vhd Line: 67
    Warning (13410): Pin "DATA_IMX_OUT_G[6]" is stuck at GND File: C:/Users/Siriy/Desktop/07.10.19/RGB(TEST)/IMAGE_SENSOR_SIM (2).vhd Line: 67
    Warning (13410): Pin "DATA_IMX_OUT_G[7]" is stuck at GND File: C:/Users/Siriy/Desktop/07.10.19/RGB(TEST)/IMAGE_SENSOR_SIM (2).vhd Line: 67
    Warning (13410): Pin "DATA_IMX_OUT_B[0]" is stuck at GND File: C:/Users/Siriy/Desktop/07.10.19/RGB(TEST)/IMAGE_SENSOR_SIM (2).vhd Line: 68
    Warning (13410): Pin "DATA_IMX_OUT_B[1]" is stuck at GND File: C:/Users/Siriy/Desktop/07.10.19/RGB(TEST)/IMAGE_SENSOR_SIM (2).vhd Line: 68
    Warning (13410): Pin "DATA_IMX_OUT_B[2]" is stuck at GND File: C:/Users/Siriy/Desktop/07.10.19/RGB(TEST)/IMAGE_SENSOR_SIM (2).vhd Line: 68
    Warning (13410): Pin "DATA_IMX_OUT_B[3]" is stuck at GND File: C:/Users/Siriy/Desktop/07.10.19/RGB(TEST)/IMAGE_SENSOR_SIM (2).vhd Line: 68
    Warning (13410): Pin "DATA_IMX_OUT_B[4]" is stuck at GND File: C:/Users/Siriy/Desktop/07.10.19/RGB(TEST)/IMAGE_SENSOR_SIM (2).vhd Line: 68
    Warning (13410): Pin "DATA_IMX_OUT_B[5]" is stuck at GND File: C:/Users/Siriy/Desktop/07.10.19/RGB(TEST)/IMAGE_SENSOR_SIM (2).vhd Line: 68
    Warning (13410): Pin "DATA_IMX_OUT_B[6]" is stuck at GND File: C:/Users/Siriy/Desktop/07.10.19/RGB(TEST)/IMAGE_SENSOR_SIM (2).vhd Line: 68
    Warning (13410): Pin "DATA_IMX_OUT_B[7]" is stuck at GND File: C:/Users/Siriy/Desktop/07.10.19/RGB(TEST)/IMAGE_SENSOR_SIM (2).vhd Line: 68
    Warning (13410): Pin "DATA_IMX_OUT[0]" is stuck at GND File: C:/Users/Siriy/Desktop/07.10.19/RGB(TEST)/IMAGE_SENSOR_SIM (2).vhd Line: 69
    Warning (13410): Pin "DATA_IMX_OUT[1]" is stuck at GND File: C:/Users/Siriy/Desktop/07.10.19/RGB(TEST)/IMAGE_SENSOR_SIM (2).vhd Line: 69
    Warning (13410): Pin "DATA_IMX_OUT[2]" is stuck at GND File: C:/Users/Siriy/Desktop/07.10.19/RGB(TEST)/IMAGE_SENSOR_SIM (2).vhd Line: 69
    Warning (13410): Pin "DATA_IMX_OUT[3]" is stuck at GND File: C:/Users/Siriy/Desktop/07.10.19/RGB(TEST)/IMAGE_SENSOR_SIM (2).vhd Line: 69
    Warning (13410): Pin "DATA_IMX_OUT[4]" is stuck at GND File: C:/Users/Siriy/Desktop/07.10.19/RGB(TEST)/IMAGE_SENSOR_SIM (2).vhd Line: 69
    Warning (13410): Pin "DATA_IMX_OUT[5]" is stuck at GND File: C:/Users/Siriy/Desktop/07.10.19/RGB(TEST)/IMAGE_SENSOR_SIM (2).vhd Line: 69
    Warning (13410): Pin "DATA_IMX_OUT[6]" is stuck at GND File: C:/Users/Siriy/Desktop/07.10.19/RGB(TEST)/IMAGE_SENSOR_SIM (2).vhd Line: 69
    Warning (13410): Pin "DATA_IMX_OUT[7]" is stuck at GND File: C:/Users/Siriy/Desktop/07.10.19/RGB(TEST)/IMAGE_SENSOR_SIM (2).vhd Line: 69
    Warning (13410): Pin "DATA_IMX_OUT[8]" is stuck at GND File: C:/Users/Siriy/Desktop/07.10.19/RGB(TEST)/IMAGE_SENSOR_SIM (2).vhd Line: 69
    Warning (13410): Pin "DATA_IMX_OUT[9]" is stuck at GND File: C:/Users/Siriy/Desktop/07.10.19/RGB(TEST)/IMAGE_SENSOR_SIM (2).vhd Line: 69
Info (286030): Timing-Driven Synthesis is running
Info (17049): 4 registers lost all their fanouts during netlist optimizations.
Info (16010): Generating hard_block partition "hard_block:auto_generated_inst"
    Info (16011): Adding 0 node(s), including 0 DDIO, 0 PLL, 0 transceiver and 0 LCELL
Warning (21074): Design contains 41 input pin(s) that do not drive logic
    Warning (15610): No output dependent on input pin "CLK_fast"
    Warning (15610): No output dependent on input pin "mode_IMAGE_SENSOR[4]"
    Warning (15610): No output dependent on input pin "mode_IMAGE_SENSOR[5]"
    Warning (15610): No output dependent on input pin "mode_IMAGE_SENSOR[6]"
    Warning (15610): No output dependent on input pin "mode_IMAGE_SENSOR[7]"
    Warning (15610): No output dependent on input pin "START_STR[0]"
    Warning (15610): No output dependent on input pin "START_STR[1]"
    Warning (15610): No output dependent on input pin "START_STR[2]"
    Warning (15610): No output dependent on input pin "START_STR[3]"
    Warning (15610): No output dependent on input pin "START_STR[4]"
    Warning (15610): No output dependent on input pin "START_STR[5]"
    Warning (15610): No output dependent on input pin "START_STR[6]"
    Warning (15610): No output dependent on input pin "START_STR[7]"
    Warning (15610): No output dependent on input pin "START_STR[8]"
    Warning (15610): No output dependent on input pin "START_STR[9]"
    Warning (15610): No output dependent on input pin "START_STR[10]"
    Warning (15610): No output dependent on input pin "START_STR[11]"
    Warning (15610): No output dependent on input pin "active_pix[0]"
    Warning (15610): No output dependent on input pin "active_pix[1]"
    Warning (15610): No output dependent on input pin "active_pix[2]"
    Warning (15610): No output dependent on input pin "active_pix[3]"
    Warning (15610): No output dependent on input pin "active_pix[4]"
    Warning (15610): No output dependent on input pin "active_pix[5]"
    Warning (15610): No output dependent on input pin "active_pix[6]"
    Warning (15610): No output dependent on input pin "active_pix[7]"
    Warning (15610): No output dependent on input pin "active_pix[8]"
    Warning (15610): No output dependent on input pin "active_pix[9]"
    Warning (15610): No output dependent on input pin "active_pix[10]"
    Warning (15610): No output dependent on input pin "active_pix[11]"
    Warning (15610): No output dependent on input pin "active_lin[0]"
    Warning (15610): No output dependent on input pin "active_lin[1]"
    Warning (15610): No output dependent on input pin "active_lin[2]"
    Warning (15610): No output dependent on input pin "active_lin[3]"
    Warning (15610): No output dependent on input pin "active_lin[4]"
    Warning (15610): No output dependent on input pin "active_lin[5]"
    Warning (15610): No output dependent on input pin "active_lin[6]"
    Warning (15610): No output dependent on input pin "active_lin[7]"
    Warning (15610): No output dependent on input pin "active_lin[8]"
    Warning (15610): No output dependent on input pin "active_lin[9]"
    Warning (15610): No output dependent on input pin "active_lin[10]"
    Warning (15610): No output dependent on input pin "active_lin[11]"
Info (21057): Implemented 372 device resources after synthesis - the final resource count might be different
    Info (21058): Implemented 84 input pins
    Info (21059): Implemented 50 output pins
    Info (21061): Implemented 238 logic cells
Info: Quartus Prime Analysis & Synthesis was successful. 0 errors, 121 warnings
    Info: Peak virtual memory: 4811 megabytes
    Info: Processing ended: Tue Oct 08 14:05:28 2019
    Info: Elapsed time: 00:00:13
    Info: Total CPU time (on all processors): 00:00:21


